annotation_target_record_component.jux:12:58: [E0470] error: `@Loggable` cannot be applied to a record component -- its `@Target` allows METHOD (§A.3)
annotation_target_record_component.jux:12:82: [E0470] error: `@cfg` cannot be applied to a record component (A.3.2)
annotation_target_record_component.jux:15:57: [E0470] error: `@Loggable` cannot be applied to a record component -- its `@Target` allows METHOD (§A.3)
