exception_implements_interface.jux:8:1: [E0436] error: class `DiskError` extends the exception hierarchy and implements an interface -- interface dynamic dispatch isn't supported for exception classes yet (an exception is thrown as a value of its own class, and cannot also be shared as an object of an interface type)
