final_reassigned.jux:6:26: [E0465] error: cannot assign to `retries`: it is a `final`/`const` field and may only be set in its declaration or a constructor (§5.6). Drop `final`/`const`, or move the assignment into the constructor.
final_reassigned.jux:10:5: [E0464] error: cannot reassign `n`: it is a `final` binding and is immutable (§M.14.2). Drop `final`, or bind a new local.
final_reassigned.jux:16:5: [E0464] error: cannot reassign `limit`: it is a `final` binding and is immutable (§M.14.2). Drop `final`, or bind a new local.
