generic_method_dispatch_limits.jux:15:10: [E0438] error: `climb` calls itself at an ever-larger type argument (polymorphic recursion), which is compiled by erasing the type arguments of every function and class on that cycle -- but `T` of `Up` is bounded by `Ranked<T>`, which is not one fixed type, so an erased value cannot carry it
generic_method_dispatch_limits.jux:21:2: [E0438] error: `climb` calls itself at an ever-larger type argument (polymorphic recursion), which is compiled by erasing the type arguments of every function and class on that cycle -- but `T` of `climb` is bounded by `Ranked<T>`, which is not one fixed type, so an erased value cannot carry it
