generic_method_dispatch_limits.jux:12:1: [E0438] error: `accept` is called on `Tree` values by finding out which type each one is, and a `Weird` is only a type once its `U` is known -- but `grow` builds a `Weird` with a larger `U` each time it calls itself, so the program has no last one to look for
