generic_method_dispatch_limits.jux:20:13: [E0438] error: `pack` calls itself at an ever-larger type argument (polymorphic recursion), which is compiled by erasing the type arguments of every function and class on that cycle -- but `T` of `Crate` is bounded by `Rel<Box<T>>`, which holds the parameter inside a foreign type that is neither a Jux class nor a collection, and an erased value has no conversion into such a type
generic_method_dispatch_limits.jux:26:2: [E0438] error: `pack` calls itself at an ever-larger type argument (polymorphic recursion), which is compiled by erasing the type arguments of every function and class on that cycle -- but `T` of `pack` is bounded by `Rel<Box<T>>`, which holds the parameter inside a foreign type that is neither a Jux class nor a collection, and an erased value has no conversion into such a type
