reference_cycle_warning.jux:6:12: [W0457] warning: field `kid` forms a reference cycle on class `Parent` -- classes are reference-counted, and objects that refer to each other in a cycle are never freed, so this leaks; mark a back-edge field `weak` to break it (§6.5)
reference_cycle_warning.jux:11:12: [W0457] warning: field `owner` forms a reference cycle on class `Child` -- classes are reference-counted, and objects that refer to each other in a cycle are never freed, so this leaks; mark a back-edge field `weak` to break it (§6.5)
