static_init_cycle.jux:5:12: [E0497] error: static initializer cycle: Direct.X -> Direct.X -- each of these static fields needs another's value before it has one, so no order initializes them; compute one of them in a `static { }` block or a method called after startup instead (§S.4.2)
static_init_cycle.jux:9:12: [E0497] error: static initializer cycle: Left.P -> Right.Q -> Left.P -- each of these static fields needs another's value before it has one, so no order initializes them; compute one of them in a `static { }` block or a method called after startup instead (§S.4.2)
static_init_cycle.jux:17:12: [E0497] error: static initializer cycle: ViaMethod.V -> ViaMethod.V -- each of these static fields needs another's value before it has one, so no order initializes them; compute one of them in a `static { }` block or a method called after startup instead (§S.4.2)
