unknown_annotation.jux:3:1: [W0240] warning: `@Derive` does nothing: records, structs and enums get `==`, `hash` and `string` without it (§O.3)
unknown_annotation.jux:6:1: [W0241] warning: `@Tset` is not a built-in annotation and no `annotation Tset` is declared, so it has no effect
unknown_annotation.jux:12:1: [W0241] warning: `@Frobnicate` is not a built-in annotation and no `annotation Frobnicate` is declared, so it has no effect
