worker_shared_collection_copy.jux:15:51: [E0702] error: `mine` is written, but it is a COPY of the field `log` of a worker-shared `Registry`: an object shared with workers keeps its collections under its own lock, and one read out of it is copied (§6.5.1), so the write would never reach the object
worker_shared_collection_copy.jux:26:5: [E0702] error: `l` is written, but it is a COPY of what `getLog()` hands out of a worker-shared `Registry`: an object shared with workers keeps its collections under its own lock, and one read out of it is copied (§6.5.1), so the write would never reach the object
worker_shared_collection_copy.jux:27:5: [E0702] error: this collection is written, but it is a COPY of what `getLog()` hands out of a worker-shared `Registry`: an object shared with workers keeps its collections under its own lock, and one read out of it is copied (§6.5.1), so the write would never reach the object
worker_shared_collection_copy.jux:29:5: [E0702] error: `it` is written, but it is a COPY of the field `items` of a worker-shared `Registry`: an object shared with workers keeps its collections under its own lock, and one read out of it is copied (§6.5.1), so the write would never reach the object
