OK
none
OK
-
OK
-
4
-1
1->2
(empty)
1
2
examples/null_narrowing.jux:18:12: [W0457] warning: field `next` forms a reference cycle on class `Node` -- classes are reference-counted, and objects that refer to each other in a cycle are never freed, so this leaks; mark a back-edge field `weak` to break it (§6.5)
